[2026-08-11T15:48:07.851Z][INFO] Command-line: 'C:\\Program Files\\Unity Engine\\6000.5.7f1\\Editor\\Data\\Resources\\PackageManager\\Server\\UnityPackageManager.exe' server -s 29972 --ipc-path Unity-Upm-29972 -l 2 --log-file F:\\プログラム\\PlayerTrainCommander\\PlayerTrainCommander/Logs/upm.log
[2026-08-11T15:48:07.882Z][INFO] IPC server started (IPC path=Unity-Upm-29972).
[2026-08-11T15:48:07.882Z][INFO] Hint: To connect to this UPM instance, launch Unity with the command-line parameter -upmIpcPath Upm-29972.
[2026-08-11T15:48:22.787Z][INFO] project:list-packages <-- Request received
params: {}
[2026-08-11T15:48:22.882Z][INFO] project:list-packages <-- Request received
params: {}
[2026-08-11T15:48:22.897Z][INFO] config:project:get-registries <-- Request received
params: {}
[2026-08-11T15:48:22.952Z][INFO] project:update-dependencies <-- Request received
params: {}
[2026-08-11T15:48:23.110Z][INFO] project:update-dependencies --> 200 (158 ms)
[2026-08-11T15:48:23.113Z][INFO] config:project:get-registries --> 200 (216 ms)
[2026-08-11T15:48:23.133Z][INFO] project:resolve-packages <-- Request received
params: {}
[2026-08-11T15:48:23.357Z][INFO] Downloading package [com.unity.package-manager.metadata-6000.5@0.0.74] from registry 'https://packages.unity.com'
[2026-08-11T15:48:23.657Z][INFO] Finished downloading package [com.unity.package-manager.metadata-6000.5@0.0.74] from registry 'https://packages.unity.com' (size: 11.4 kB, time: 298ms)
[2026-08-11T15:48:30.402Z][INFO] project:list-packages --> 200 (7614 ms)
[2026-08-11T15:48:30.416Z][INFO] project:list-packages --> 200 (7534 ms)
[2026-08-11T15:48:40.544Z][WARN] Requested version [4.9.3] for package [com.unity.searcher] overridden by minimum version [4.9.4].
[2026-08-11T15:48:40.544Z][WARN] Requested version [1.8.14] for package [com.unity.burst] overridden by minimum version [1.8.30].
[2026-08-11T15:48:40.544Z][WARN] Requested version [3.2.0] for package [com.unity.test-framework.performance] overridden by minimum version [3.5.0].
[2026-08-11T15:48:40.545Z][INFO] project:resolve-packages --> 200 (17412 ms)
[2026-08-11T15:49:25.799Z][INFO] project:list-packages <-- Request received
params: {}
[2026-08-11T15:49:25.818Z][INFO] project:list-packages <-- Request received
params: {}
[2026-08-11T15:49:26.026Z][INFO] project:list-packages --> 200 (228 ms)
[2026-08-11T15:49:26.027Z][INFO] project:list-packages --> 200 (209 ms)
[2026-08-11T15:49:28.718Z][INFO] project:list-packages <-- Request received
params: {}
[2026-08-11T15:49:28.825Z][INFO] project:list-packages --> 200 (107 ms)
[2026-08-11T15:49:28.878Z][INFO] config:project:get-registries <-- Request received
params: {}
[2026-08-11T15:49:28.882Z][INFO] config:project:get-registries --> 200 (4 ms)
[2026-08-11T15:49:50.679Z][INFO] project:list-packages <-- Request received
params: {}
[2026-08-11T15:49:50.792Z][INFO] project:list-packages --> 200 (113 ms)
[2026-08-11T15:49:52.092Z][INFO] project:list-packages <-- Request received
params: {}
[2026-08-11T15:49:52.204Z][INFO] project:list-packages --> 200 (112 ms)
[2026-08-11T15:49:58.229Z][INFO] packages:get-all-packageinfo <-- Request received
params: {}
[2026-08-11T15:49:58.248Z][INFO] packages:get-all-packageinfo <-- Request received
params: {}
[2026-08-11T15:49:59.242Z][INFO] project:list-packages <-- Request received
params: {}
[2026-08-11T15:50:01.991Z][INFO] project:list-packages --> 200 (2749 ms)
[2026-08-11T15:50:03.525Z][INFO] packages:get-all-packageinfo --> 200 (5277 ms)
[2026-08-11T15:50:03.721Z][INFO] packages:get-all-packageinfo --> 200 (5492 ms)
[2026-08-11T15:50:03.770Z][INFO] packages:get-packageinfo <-- Request received
params: {
  "packageId": "com.unity.ads.ios-support@1.0.1"
}
[2026-08-11T15:50:03.781Z][INFO] packages:get-packageinfo <-- Request received
params: {
  "packageId": "com.unity.services.moderation@1.0.2"
}
[2026-08-11T15:50:03.803Z][INFO] packages:get-packageinfo --> 200 (22 ms)
[2026-08-11T15:50:03.804Z][INFO] packages:get-packageinfo --> 200 (34 ms)
[2026-08-11T15:50:03.871Z][INFO] packages:get-packageinfo <-- Request received
params: {
  "packageId": "com.unity.addressables@2.9.1"
}
[2026-08-11T15:50:03.886Z][INFO] packages:get-packageinfo <-- Request received
params: {
  "packageId": "com.unity.learn.iet-framework@5.0.4"
}
[2026-08-11T15:50:03.898Z][INFO] packages:get-packageinfo <-- Request received
params: {
  "packageId": "com.unity.learn.iet-framework.authoring@1.5.4"
}
[2026-08-11T15:50:03.908Z][INFO] packages:get-packageinfo <-- Request received
params: {
  "packageId": "com.unity.polyspatial.extensions@3.1.5"
}
[2026-08-11T15:50:03.926Z][INFO] packages:get-packageinfo <-- Request received
params: {
  "packageId": "com.unity.polyspatial.visionos@3.1.5"
}
[2026-08-11T15:50:03.938Z][INFO] packages:get-packageinfo <-- Request received
params: {
  "packageId": "com.unity.scriptablebuildpipeline@2.6.1"
}
[2026-08-11T15:50:03.947Z][INFO] packages:get-packageinfo <-- Request received
params: {
  "packageId": "com.unity.services.friends@1.1.1"
}
[2026-08-11T15:50:03.961Z][INFO] packages:get-packageinfo <-- Request received
params: {
  "packageId": "com.unity.xr.arcore@6.5.0"
}
[2026-08-11T15:50:03.972Z][INFO] packages:get-packageinfo <-- Request received
params: {
  "packageId": "com.unity.xr.arfoundation@6.5.0"
}
[2026-08-11T15:50:03.988Z][INFO] packages:get-packageinfo <-- Request received
params: {
  "packageId": "com.unity.xr.arkit@6.5.0"
}
[2026-08-11T15:50:03.989Z][INFO] packages:get-packageinfo <-- Request received
params: {
  "packageId": "com.unity.xr.management@4.5.4"
}
[2026-08-11T15:50:04.016Z][INFO] packages:get-packageinfo <-- Request received
params: {
  "packageId": "com.unity.xr.visionos@3.1.5"
}
[2026-08-11T15:50:04.078Z][INFO] packages:get-packageinfo --> 200 (207 ms)
[2026-08-11T15:50:04.097Z][INFO] packages:get-packageinfo --> 200 (150 ms)
[2026-08-11T15:50:04.106Z][INFO] packages:get-packageinfo --> 200 (208 ms)
[2026-08-11T15:50:04.108Z][INFO] packages:get-packageinfo --> 200 (222 ms)
[2026-08-11T15:50:04.109Z][INFO] packages:get-packageinfo --> 200 (183 ms)
[2026-08-11T15:50:04.109Z][INFO] packages:get-packageinfo --> 200 (201 ms)
[2026-08-11T15:50:04.121Z][INFO] packages:get-packageinfo --> 200 (183 ms)
[2026-08-11T15:50:04.125Z][INFO] packages:get-packageinfo --> 200 (164 ms)
[2026-08-11T15:50:04.126Z][INFO] packages:get-packageinfo --> 200 (137 ms)
[2026-08-11T15:50:04.131Z][INFO] packages:get-packageinfo --> 200 (159 ms)
[2026-08-11T15:50:04.137Z][INFO] packages:get-packageinfo --> 200 (149 ms)
[2026-08-11T15:50:04.140Z][INFO] packages:get-packageinfo --> 200 (124 ms)
